// Jest Snapshot v1, https://goo.gl/fbAQLP

exports[`Avatar default style match snapshot 1`] = `
<div
  aria-hidden="true"
  class="jsx-undefined avatar"
/>
`;
